1:"$Sreact.fragment"
3:I[9766,[],""]
4:I[8924,[],""]
6:I[4431,[],"OutletBoundary"]
8:I[5278,[],"AsyncMetadataOutlet"]
a:I[4431,[],"ViewportBoundary"]
c:I[4431,[],"MetadataBoundary"]
d:"$Sreact.suspense"
f:I[7150,[],""]
:HL["/_next/static/media/07844ae7c4262727-s.p.woff2","font",{"crossOrigin":"","type":"font/woff2"}]
:HL["/_next/static/css/a797d3499124b357.css","style"]
0:{"P":null,"b":"w0PYBUFGpBWGqkBsByhye","p":"","c":["","api","errors"],"i":false,"f":[[["",{"children":[["mdxPath","api/errors","oc"],{"children":["__PAGE__",{}]}]},"$undefined","$undefined",true],["",["$","$1","c",{"children":[[["$","link","0",{"rel":"stylesheet","href":"/_next/static/css/a797d3499124b357.css","precedence":"next","crossOrigin":"$undefined","nonce":"$undefined"}]],"$L2"]}],{"children":[["mdxPath","api/errors","oc"],["$","$1","c",{"children":[null,["$","$L3",null,{"parallelRouterKey":"children","error":"$undefined","errorStyles":"$undefined","errorScripts":"$undefined","template":["$","$L4",null,{}],"templateStyles":"$undefined","templateScripts":"$undefined","notFound":"$undefined","forbidden":"$undefined","unauthorized":"$undefined"}]]}],{"children":["__PAGE__",["$","$1","c",{"children":["$L5",null,["$","$L6",null,{"children":["$L7",["$","$L8",null,{"promise":"$@9"}]]}]]}],{},null,false]},null,false]},null,false],["$","$1","h",{"children":[null,[["$","$La",null,{"children":"$Lb"}],["$","meta",null,{"name":"next-size-adjust","content":""}]],["$","$Lc",null,{"children":["$","div",null,{"hidden":true,"children":["$","$d",null,{"fallback":null,"children":"$Le"}]}]}]]}],false]],"m":"$undefined","G":["$f",[]],"s":false,"S":true}
10:I[451,["545","static/chunks/c16f53c3-b8b233f8702d885b.js","514","static/chunks/514-d3419d3c85cb302b.js","217","static/chunks/app/%5B%5B...mdxPath%5D%5D/page-8788f0e56823afae.js"],"ThemeConfigProvider"]
11:I[6149,["545","static/chunks/c16f53c3-b8b233f8702d885b.js","514","static/chunks/514-d3419d3c85cb302b.js","217","static/chunks/app/%5B%5B...mdxPath%5D%5D/page-8788f0e56823afae.js"],"LastUpdated"]
12:I[3474,["545","static/chunks/c16f53c3-b8b233f8702d885b.js","514","static/chunks/514-d3419d3c85cb302b.js","214","static/chunks/214-2bb68e36ca4df40e.js","177","static/chunks/app/layout-6d6cb90dfd96a074.js"],"Search"]
13:I[5379,["545","static/chunks/c16f53c3-b8b233f8702d885b.js","514","static/chunks/514-d3419d3c85cb302b.js","214","static/chunks/214-2bb68e36ca4df40e.js","177","static/chunks/app/layout-6d6cb90dfd96a074.js"],"ThemeProvider"]
14:I[7272,["545","static/chunks/c16f53c3-b8b233f8702d885b.js","514","static/chunks/514-d3419d3c85cb302b.js","217","static/chunks/app/%5B%5B...mdxPath%5D%5D/page-8788f0e56823afae.js"],"SkipNavLink"]
15:I[6810,["545","static/chunks/c16f53c3-b8b233f8702d885b.js","514","static/chunks/514-d3419d3c85cb302b.js","217","static/chunks/app/%5B%5B...mdxPath%5D%5D/page-8788f0e56823afae.js"],"ConfigProvider"]
2:["$","html",null,{"lang":"en","dir":"ltr","suppressHydrationWarning":true,"children":[["$","head",null,{"children":[["$","meta",null,{"name":"theme-color","content":"#D16A18"}],["$","style",null,{"children":":root {\n  --nextra-primary-hue: 212deg;\n  --nextra-primary-saturation: 100%;\n  --nextra-primary-lightness: 45%;\n  --nextra-bg: 250,250,250;\n  --nextra-content-width: 90rem;\n}\n.dark {\n  --nextra-primary-hue: 204deg;\n  --nextra-primary-saturation: 100%;\n  --nextra-primary-lightness: 55%;\n  --nextra-bg: 17,17,17;\n}\n::selection {\n  background: hsla(var(--nextra-primary-hue),var(--nextra-primary-saturation),var(--nextra-primary-lightness),.3);\n}\nhtml {\n  background: rgb(var(--nextra-bg));\n}"}],["$","meta",null,{"name":"theme-color","media":"(prefers-color-scheme: light)","content":"rgb(250,250,250)"}],["$","meta",null,{"name":"theme-color","media":"(prefers-color-scheme: dark)","content":"rgb(17,17,17)"}],"$undefined"]}],["$","body",null,{"children":["$","$L10",null,{"value":{"copyPageButton":true,"darkMode":true,"docsRepositoryBase":"https://github.com/reordinal/reordinal-docs/tree/main","editLink":"Edit this page on GitHub","feedback":{"content":"Question? Give us feedback","labels":"feedback"},"i18n":[],"lastUpdated":["$","$L11",null,{}],"navigation":{"next":true,"prev":true},"search":["$","$L12",null,{}],"sidebar":{"defaultMenuCollapseLevel":1,"defaultOpen":true,"toggleButton":true},"themeSwitch":{"dark":"Dark","light":"Light","system":"System"},"toc":{"backToTop":"Scroll to top","float":true,"title":"On This Page"}},"children":["$","$L13",null,{"attribute":"class","defaultTheme":"system","disableTransitionOnChange":true,"storageKey":"theme","children":[["$","$L14",null,{}],"$undefined",["$","$L15",null,{"pageMap":[{"data":{"index":{"title":"Introduction"},"quickstart":{"title":"Quickstart"},"concepts":{"title":"Concepts"},"api":{"title":"API Reference"},"plugin":{"title":"Claude Code Plugin"}}},{"name":"index","route":"/","frontMatter":{"title":"Introduction","description":"Reordinal is an ATS you can drive programmatically. Import LinkedIn applicants with the Chrome extension, browse jobs and act on candidates via a REST API, or let Claude do it from your terminal.","filePath":"content/index.mdx","timestamp":1783087184000},"title":"Introduction"},{"name":"quickstart","route":"/quickstart","frontMatter":{"title":"Quickstart","description":"Go from an API key to your first candidate list in a few minutes using the Reordinal REST API.","filePath":"content/quickstart.mdx","timestamp":1782993856000},"title":"Quickstart"},{"name":"concepts","route":"/concepts","children":[{"data":{"data-model":{"title":"Data model"},"api-keys-and-scoping":{"title":"API keys & scoping"},"ats-scoring":{"title":"ATS scoring"}}},{"name":"data-model","route":"/concepts/data-model","frontMatter":{"title":"Data model","description":"How Reordinal organizes recruiting: workspaces, teams, jobs with stages and ATS criteria, and candidates.","filePath":"content/concepts/data-model.mdx","timestamp":1782993856000},"title":"Data model"},{"name":"api-keys-and-scoping","route":"/concepts/api-keys-and-scoping","frontMatter":{"title":"API keys & scoping","description":"How Reordinal API keys work: org-scoped rd_live_ keys, team/job claims, and the 404 scoping policy.","filePath":"content/concepts/api-keys-and-scoping.mdx","timestamp":1782993856000},"title":"API keys & scoping"},{"name":"ats-scoring","route":"/concepts/ats-scoring","frontMatter":{"title":"ATS scoring","description":"How Reordinal scores resumes against a job's criteria, and what the score breakdown contains.","filePath":"content/concepts/ats-scoring.mdx","timestamp":1782993856000},"title":"ATS scoring"}],"title":"Concepts"},{"name":"api","route":"/api","children":[{"data":{"overview":{"title":"Overview"},"authentication":{"title":"Authentication"},"jobs":{"title":"Jobs"},"candidates":{"title":"Candidates"},"actions":{"title":"Actions"},"errors":{"title":"Errors"}}},{"name":"overview","route":"/api/overview","frontMatter":{"title":"API Overview","description":"Base URL, authentication, response envelope, rate limits, and the endpoint map for the Reordinal REST API.","filePath":"content/api/overview.mdx","timestamp":1782993856000},"title":"Overview"},{"name":"authentication","route":"/api/authentication","frontMatter":{"title":"Authentication","description":"Create, list, and revoke Reordinal API keys, and scope them with team/job claims.","filePath":"content/api/authentication.mdx","timestamp":1782993856000},"title":"Authentication"},{"name":"jobs","route":"/api/jobs","frontMatter":{"title":"Jobs","description":"List the jobs in your workspace and read a job's details, hiring stages, and ATS criteria.","filePath":"content/api/jobs.mdx","timestamp":1782993856000},"title":"Jobs"},{"name":"candidates","route":"/api/candidates","frontMatter":{"title":"Candidates","description":"List, filter, and sort a job's candidates; read one candidate's details, parsed resume, and ATS breakdown.","filePath":"content/api/candidates.mdx","timestamp":1782993856000},"title":"Candidates"},{"name":"actions","route":"/api/actions","frontMatter":{"title":"Actions","description":"Move a candidate to another hiring stage, add or remove tags, and rerun ATS scoring.","filePath":"content/api/actions.mdx","timestamp":1782993856000},"title":"Actions"},{"name":"errors","route":"/api/errors","frontMatter":{"title":"Errors","description":"The Reordinal API error envelope and the full table of error codes on the v1 surface.","filePath":"content/api/errors.mdx","timestamp":1782993856000},"title":"Errors"}],"title":"API Reference"},{"name":"plugin","route":"/plugin","children":[{"data":{"claude-code":{"title":"Claude Code"}}},{"name":"claude-code","route":"/plugin/claude-code","frontMatter":{"title":"Claude Code Plugin","description":"Install the reordinal plugin and drive your ATS from Claude Code in plain English. Review candidates, move stages, tag, and rerun scoring.","filePath":"content/plugin/claude-code.mdx","timestamp":1782993856000},"title":"Claude Code"}],"title":"Claude Code Plugin"}],"navbar":"$L16","footer":"$L17","children":["$L18","$L19"]}]]}]}]}]]}]
1a:I[2619,["545","static/chunks/c16f53c3-b8b233f8702d885b.js","514","static/chunks/514-d3419d3c85cb302b.js","217","static/chunks/app/%5B%5B...mdxPath%5D%5D/page-8788f0e56823afae.js"],""]
1b:I[7167,["545","static/chunks/c16f53c3-b8b233f8702d885b.js","514","static/chunks/514-d3419d3c85cb302b.js","217","static/chunks/app/%5B%5B...mdxPath%5D%5D/page-8788f0e56823afae.js"],"ClientNavbar"]
1d:I[2363,["545","static/chunks/c16f53c3-b8b233f8702d885b.js","514","static/chunks/514-d3419d3c85cb302b.js","217","static/chunks/app/%5B%5B...mdxPath%5D%5D/page-8788f0e56823afae.js"],"Switchers"]
1e:I[9421,["545","static/chunks/c16f53c3-b8b233f8702d885b.js","514","static/chunks/514-d3419d3c85cb302b.js","217","static/chunks/app/%5B%5B...mdxPath%5D%5D/page-8788f0e56823afae.js"],"LocaleSwitch"]
1f:I[1085,["545","static/chunks/c16f53c3-b8b233f8702d885b.js","514","static/chunks/514-d3419d3c85cb302b.js","217","static/chunks/app/%5B%5B...mdxPath%5D%5D/page-8788f0e56823afae.js"],"ThemeSwitch"]
20:I[2857,["545","static/chunks/c16f53c3-b8b233f8702d885b.js","514","static/chunks/514-d3419d3c85cb302b.js","217","static/chunks/app/%5B%5B...mdxPath%5D%5D/page-8788f0e56823afae.js"],"MobileNav"]
1c:T481,M12 3C7.0275 3 3 7.12937 3 12.2276C3 16.3109 5.57625 19.7597 9.15374 20.9824C9.60374 21.0631 9.77249 20.7863 9.77249 20.5441C9.77249 20.3249 9.76125 19.5982 9.76125 18.8254C7.5 19.2522 6.915 18.2602 6.735 17.7412C6.63375 17.4759 6.19499 16.6569 5.8125 16.4378C5.4975 16.2647 5.0475 15.838 5.80124 15.8264C6.51 15.8149 7.01625 16.4954 7.18499 16.7723C7.99499 18.1679 9.28875 17.7758 9.80625 17.5335C9.885 16.9337 10.1212 16.53 10.38 16.2993C8.3775 16.0687 6.285 15.2728 6.285 11.7432C6.285 10.7397 6.63375 9.9092 7.20749 9.26326C7.1175 9.03257 6.8025 8.08674 7.2975 6.81794C7.2975 6.81794 8.05125 6.57571 9.77249 7.76377C10.4925 7.55615 11.2575 7.45234 12.0225 7.45234C12.7875 7.45234 13.5525 7.55615 14.2725 7.76377C15.9937 6.56418 16.7475 6.81794 16.7475 6.81794C17.2424 8.08674 16.9275 9.03257 16.8375 9.26326C17.4113 9.9092 17.76 10.7281 17.76 11.7432C17.76 15.2843 15.6563 16.0687 13.6537 16.2993C13.98 16.5877 14.2613 17.1414 14.2613 18.0065C14.2613 19.2407 14.25 20.2326 14.25 20.5441C14.25 20.7863 14.4188 21.0746 14.8688 20.9824C16.6554 20.364 18.2079 19.1866 19.3078 17.6162C20.4077 16.0457 20.9995 14.1611 21 12.2276C21 7.12937 16.9725 3 12 3Z16:["$","header",null,{"className":"nextra-navbar x:sticky x:top-0 x:z-30 x:w-full x:bg-transparent x:print:hidden x:max-md:[.nextra-banner:not([class$=hidden])~&]:top-(--nextra-banner-height)","children":[["$","div",null,{"className":"nextra-navbar-blur x:absolute x:-z-1 x:size-full nextra-border x:border-b x:backdrop-blur-md x:bg-nextra-bg/70"}],["$","nav",null,{"style":{"height":"var(--nextra-navbar-height)"},"className":"x:mx-auto x:flex x:max-w-(--nextra-content-width) x:items-center x:gap-4 x:pl-[max(env(safe-area-inset-left),1.5rem)] x:pr-[max(env(safe-area-inset-right),1.5rem)] x:justify-end","children":[["$","$L1a",null,{"href":"/","className":"x:flex x:items-center x:me-auto x:transition-opacity x:focus-visible:nextra-focus x:hover:opacity-75","aria-label":"Home page","children":["$","span",null,{"style":{"display":"flex","alignItems":"center","gap":10},"children":[["$","img",null,{"src":"/icon.svg","alt":"","width":28,"height":28}],["$","span",null,{"className":"__className_8e2105","style":{"fontWeight":700,"fontSize":24,"lineHeight":1},"children":"reordinal"}]]}]}],["$","$L1b",null,{"className":"","children":[["$","a",null,{"href":"https://github.com/reordinal/reordinal-docs","target":"_blank","rel":"noreferrer","children":[["$","svg",null,{"fill":"currentColor","viewBox":"3 3 18 18","height":"24","aria-label":"Project repository","children":["$","path",null,{"d":"$1c"}]}],false],"className":"x:focus-visible:nextra-focus"}],"$undefined","$undefined"]}]]}]]}]
17:["$","div",null,{"className":"x:bg-gray-100 x:pb-[env(safe-area-inset-bottom)] x:dark:bg-neutral-900 x:print:bg-transparent","children":[["$","$L1d",null,{"children":["$","div",null,{"className":"x:mx-auto x:flex x:max-w-(--nextra-content-width) x:gap-2 x:py-2 x:px-4","children":[["$","$L1e",null,{}],["$","$L1f",null,{}]]}]}],["$","hr",null,{"className":"nextra-border"}],["$","footer",null,{"className":"x:mx-auto x:flex x:max-w-(--nextra-content-width) x:justify-center x:py-12 x:text-gray-600 x:dark:text-gray-400 x:md:justify-start x:pl-[max(env(safe-area-inset-left),1.5rem)] x:pr-[max(env(safe-area-inset-right),1.5rem)]","children":["$","span",null,{"children":["© ",2026," Reordinal ·"," ",["$","a",null,{"href":"https://reordinal.com","style":{"textDecoration":"underline"},"children":"reordinal.com"}]]}]}]]}]
18:["$","$L20",null,{}]
19:["$","$L3",null,{"parallelRouterKey":"children","error":"$undefined","errorStyles":"$undefined","errorScripts":"$undefined","template":["$","$L4",null,{}],"templateStyles":"$undefined","templateScripts":"$undefined","notFound":[[["$","title",null,{"children":"404: This page could not be found."}],["$","div",null,{"style":{"fontFamily":"system-ui,\"Segoe UI\",Roboto,Helvetica,Arial,sans-serif,\"Apple Color Emoji\",\"Segoe UI Emoji\"","height":"100vh","textAlign":"center","display":"flex","flexDirection":"column","alignItems":"center","justifyContent":"center"},"children":["$","div",null,{"children":[["$","style",null,{"dangerouslySetInnerHTML":{"__html":"body{color:#000;background:#fff;margin:0}.next-error-h1{border-right:1px solid rgba(0,0,0,.3)}@media (prefers-color-scheme:dark){body{color:#fff;background:#000}.next-error-h1{border-right:1px solid rgba(255,255,255,.3)}}"}}],["$","h1",null,{"className":"next-error-h1","style":{"display":"inline-block","margin":"0 20px 0 0","padding":"0 23px 0 0","fontSize":24,"fontWeight":500,"verticalAlign":"top","lineHeight":"49px"},"children":404}],["$","div",null,{"style":{"display":"inline-block"},"children":["$","h2",null,{"style":{"fontSize":14,"fontWeight":400,"lineHeight":"49px","margin":0},"children":"This page could not be found."}]}]]}]}]],[]],"forbidden":"$undefined","unauthorized":"$undefined"}]
21:I[8221,["545","static/chunks/c16f53c3-b8b233f8702d885b.js","514","static/chunks/514-d3419d3c85cb302b.js","217","static/chunks/app/%5B%5B...mdxPath%5D%5D/page-8788f0e56823afae.js"],"TOCProvider"]
22:I[2857,["545","static/chunks/c16f53c3-b8b233f8702d885b.js","514","static/chunks/514-d3419d3c85cb302b.js","217","static/chunks/app/%5B%5B...mdxPath%5D%5D/page-8788f0e56823afae.js"],"Sidebar"]
23:I[825,["545","static/chunks/c16f53c3-b8b233f8702d885b.js","514","static/chunks/514-d3419d3c85cb302b.js","217","static/chunks/app/%5B%5B...mdxPath%5D%5D/page-8788f0e56823afae.js"],"ClientWrapper"]
24:I[3692,["545","static/chunks/c16f53c3-b8b233f8702d885b.js","514","static/chunks/514-d3419d3c85cb302b.js","217","static/chunks/app/%5B%5B...mdxPath%5D%5D/page-8788f0e56823afae.js"],"ToggleWordWrapButton"]
5:["$","div",null,{"className":"x:mx-auto x:flex x:max-w-(--nextra-content-width)","children":["$","$L21",null,{"value":[{"value":"v1 surface","id":"v1-surface","depth":2},{"value":"Authentication","id":"authentication","depth":2},{"value":[["$","$1",".0",{"children":["Key management (",["$","code",".1",{"className":"nextra-code","dir":"ltr","children":"/api/orgs/:orgId/api-keys"}],")"]}]],"id":"key-management-apiorgsorgidapi-keys","depth":2},{"value":"Handling advice","id":"handling-advice","depth":2}],"children":[["$","$L22",null,{}],["$","$L23",null,{"metadata":{"title":"Errors","description":"The Reordinal API error envelope and the full table of error codes on the v1 surface.","filePath":"content/api/errors.mdx","timestamp":1782993856000},"bottomContent":"$undefined","sourceCode":"$undefined","children":[["$","div",null,{"id":"nextra-skip-nav"}],["$","main",null,{"data-pagefind-body":true,"children":[["$","h1",null,{"id":"$undefined","className":"x:tracking-tight x:text-slate-900 x:dark:text-slate-100 x:font-bold x:mt-2 x:text-4xl","children":["Errors","$undefined"]}],"\n",["$","p",null,{"className":"x:not-first:mt-[1.25em] x:leading-7","children":"Failures always use the standard envelope with an HTTP error status:"}],"\n",["$","div",null,{"data-pagefind-ignore":"all","className":"nextra-code x:relative x:not-first:mt-[1.25em]","children":["$undefined",["$","pre",null,{"className":"x:group x:focus-visible:nextra-focus x:overflow-x-auto x:subpixel-antialiased x:text-[.9em] x:bg-white x:dark:bg-black x:py-4 x:ring-1 x:ring-inset x:ring-gray-300 x:dark:ring-neutral-700 x:contrast-more:ring-gray-900 x:contrast-more:dark:ring-gray-50 x:contrast-more:contrast-150 x:rounded-md not-prose","tabIndex":"0","children":[["$","div",null,{"className":"x:group-hover:opacity-100 x:group-focus:opacity-100 x:opacity-0 x:transition x:focus-within:opacity-100 x:flex x:gap-1 x:absolute x:right-4 x:top-2","children":[["$","$L24",null,{"children":["$","svg",null,{"viewBox":"0 0 24 24","fill":"currentColor","height":"1em","children":["$","path",null,{"d":"M4 19h6v-2H4v2zM20 5H4v2h16V5zm-3 6H4v2h13.25c1.1 0 2 .9 2 2s-.9 2-2 2H15v-2l-3 3l3 3v-2h2c2.21 0 4-1.79 4-4s-1.79-4-4-4z"}]}]}],false]}],["$","code",null,{"className":"nextra-code","dir":"ltr","children":[["$","span",null,{"children":["$","span",null,{"style":{"--shiki-light":"#24292E","--shiki-dark":"#E1E4E8"},"children":"{"}]}],"\n",["$","span",null,{"children":[["$","span",null,{"style":{"--shiki-light":"#005CC5","--shiki-dark":"#79B8FF"},"children":"  \"status\""}],["$","span",null,{"style":{"--shiki-light":"#24292E","--shiki-dark":"#E1E4E8"},"children":": "}],["$","span",null,{"style":{"--shiki-light":"#032F62","--shiki-dark":"#9ECBFF"},"children":"\"fail\""}],["$","span",null,{"style":{"--shiki-light":"#24292E","--shiki-dark":"#E1E4E8"},"children":","}]]}],"\n",["$","span",null,{"children":[["$","span",null,{"style":{"--shiki-light":"#005CC5","--shiki-dark":"#79B8FF"},"children":"  \"error\""}],["$","span",null,{"style":{"--shiki-light":"#24292E","--shiki-dark":"#E1E4E8"},"children":": { "}],["$","span",null,{"style":{"--shiki-light":"#005CC5","--shiki-dark":"#79B8FF"},"children":"\"code\""}],["$","span",null,{"style":{"--shiki-light":"#24292E","--shiki-dark":"#E1E4E8"},"children":": "}],["$","span",null,{"style":{"--shiki-light":"#032F62","--shiki-dark":"#9ECBFF"},"children":"\"V1_RESOURCE_NOT_FOUND\""}],["$","span",null,{"style":{"--shiki-light":"#24292E","--shiki-dark":"#E1E4E8"},"children":", "}],["$","span",null,{"style":{"--shiki-light":"#005CC5","--shiki-dark":"#79B8FF"},"children":"\"message\""}],["$","span",null,{"style":{"--shiki-light":"#24292E","--shiki-dark":"#E1E4E8"},"children":": "}],["$","span",null,{"style":{"--shiki-light":"#032F62","--shiki-dark":"#9ECBFF"},"children":"\"Resource not found\""}],["$","span",null,{"style":{"--shiki-light":"#24292E","--shiki-dark":"#E1E4E8"},"children":" }"}]]}],"\n",["$","span",null,{"children":["$","span",null,{"style":{"--shiki-light":"#24292E","--shiki-dark":"#E1E4E8"},"children":"}"}]}]]}]]}]]}],"\n",["$","p",null,{"className":"x:not-first:mt-[1.25em] x:leading-7","children":[["$","code",null,{"className":"nextra-code","dir":"ltr","children":"error.code"}]," is stable. Match on it, not on ",["$","code",null,{"className":"nextra-code","dir":"ltr","children":"message"}],"."]}],"\n",["$","h2",null,{"id":"v1-surface","className":"x:tracking-tight x:text-slate-900 x:dark:text-slate-100 x:font-semibold x:target:animate-[fade-in_1.5s] x:mt-10 x:border-b x:pb-1 x:text-3xl nextra-border","children":["v1 surface","$L25"]}],"\n","$L26","\n","$L27","\n","$L28","\n","$L29","\n","$L2a","\n","$L2b","\n","$L2c"]}]]}]]}]}]
2d:I[9114,["545","static/chunks/c16f53c3-b8b233f8702d885b.js","514","static/chunks/514-d3419d3c85cb302b.js","217","static/chunks/app/%5B%5B...mdxPath%5D%5D/page-8788f0e56823afae.js"],"HeadingAnchor"]
25:["$","$L2d",null,{"id":"v1-surface"}]
26:["$","table",null,{"className":"x:block x:overflow-x-auto nextra-scrollbar x:not-first:mt-[1.25em] x:p-0","children":[["$","thead",null,{"children":["$","tr",null,{"children":[["$","th",null,{"children":"Status","className":"x:m-0 x:border x:border-gray-300 x:px-4 x:py-2 x:font-semibold x:dark:border-gray-600"}],["$","th",null,{"children":"Code","className":"x:m-0 x:border x:border-gray-300 x:px-4 x:py-2 x:font-semibold x:dark:border-gray-600"}],["$","th",null,{"children":"Meaning","className":"x:m-0 x:border x:border-gray-300 x:px-4 x:py-2 x:font-semibold x:dark:border-gray-600"}]],"className":"x:m-0 x:border-t x:border-gray-300 x:p-0 x:dark:border-gray-600 x:even:bg-gray-100 x:even:dark:bg-gray-600/20"}]}],["$","tbody",null,{"children":[["$","tr",null,{"children":[["$","td",null,{"children":"400","className":"x:m-0 x:border x:border-gray-300 x:px-4 x:py-2 x:dark:border-gray-600"}],["$","td",null,{"children":["$","code",null,{"className":"nextra-code","dir":"ltr","children":"V1_INVALID_REQUEST"}],"className":"x:m-0 x:border x:border-gray-300 x:px-4 x:py-2 x:dark:border-gray-600"}],["$","td",null,{"children":["A parameter or body field is missing/invalid; the ",["$","code",null,{"className":"nextra-code","dir":"ltr","children":"message"}]," names it"],"className":"x:m-0 x:border x:border-gray-300 x:px-4 x:py-2 x:dark:border-gray-600"}]],"className":"x:m-0 x:border-t x:border-gray-300 x:p-0 x:dark:border-gray-600 x:even:bg-gray-100 x:even:dark:bg-gray-600/20"}],["$","tr",null,{"children":[["$","td",null,{"children":"404","className":"x:m-0 x:border x:border-gray-300 x:px-4 x:py-2 x:dark:border-gray-600"}],["$","td",null,{"children":["$","code",null,{"className":"nextra-code","dir":"ltr","children":"V1_RESOURCE_NOT_FOUND"}],"className":"x:m-0 x:border x:border-gray-300 x:px-4 x:py-2 x:dark:border-gray-600"}],["$","td",null,{"children":["The job/application doesn’t exist ",["$","strong",null,{"children":"or is outside the key’s scope"}]," (deliberately indistinguishable; see ",["$","$L1a",null,{"href":"/concepts/api-keys-and-scoping","prefetch":"$undefined","className":"x:focus-visible:nextra-focus x:text-primary-600 x:underline x:hover:no-underline x:decoration-from-font x:[text-underline-position:from-font]","children":"scoping"}],")"],"className":"x:m-0 x:border x:border-gray-300 x:px-4 x:py-2 x:dark:border-gray-600"}]],"className":"x:m-0 x:border-t x:border-gray-300 x:p-0 x:dark:border-gray-600 x:even:bg-gray-100 x:even:dark:bg-gray-600/20"}],["$","tr",null,{"children":[["$","td",null,{"children":"429","className":"x:m-0 x:border x:border-gray-300 x:px-4 x:py-2 x:dark:border-gray-600"}],["$","td",null,{"children":["$","code",null,{"className":"nextra-code","dir":"ltr","children":"V1_RATE_LIMITED"}],"className":"x:m-0 x:border x:border-gray-300 x:px-4 x:py-2 x:dark:border-gray-600"}],["$","td",null,{"children":["Over the per-key limit (default 120/min). Wait ",["$","code",null,{"className":"nextra-code","dir":"ltr","children":"Retry-After"}]," seconds"],"className":"x:m-0 x:border x:border-gray-300 x:px-4 x:py-2 x:dark:border-gray-600"}]],"className":"x:m-0 x:border-t x:border-gray-300 x:p-0 x:dark:border-gray-600 x:even:bg-gray-100 x:even:dark:bg-gray-600/20"}]]}]]}]
27:["$","h2",null,{"id":"authentication","className":"x:tracking-tight x:text-slate-900 x:dark:text-slate-100 x:font-semibold x:target:animate-[fade-in_1.5s] x:mt-10 x:border-b x:pb-1 x:text-3xl nextra-border","children":["Authentication",["$","$L2d",null,{"id":"authentication"}]]}]
28:["$","table",null,{"className":"x:block x:overflow-x-auto nextra-scrollbar x:not-first:mt-[1.25em] x:p-0","children":[["$","thead",null,{"children":["$","tr",null,{"children":[["$","th",null,{"children":"Status","className":"x:m-0 x:border x:border-gray-300 x:px-4 x:py-2 x:font-semibold x:dark:border-gray-600"}],["$","th",null,{"children":"Code","className":"x:m-0 x:border x:border-gray-300 x:px-4 x:py-2 x:font-semibold x:dark:border-gray-600"}],["$","th",null,{"children":"Meaning","className":"x:m-0 x:border x:border-gray-300 x:px-4 x:py-2 x:font-semibold x:dark:border-gray-600"}]],"className":"x:m-0 x:border-t x:border-gray-300 x:p-0 x:dark:border-gray-600 x:even:bg-gray-100 x:even:dark:bg-gray-600/20"}]}],["$","tbody",null,{"children":[["$","tr",null,{"children":[["$","td",null,{"children":"401","className":"x:m-0 x:border x:border-gray-300 x:px-4 x:py-2 x:dark:border-gray-600"}],["$","td",null,{"children":["$","code",null,{"className":"nextra-code","dir":"ltr","children":"API_KEY_MISSING"}],"className":"x:m-0 x:border x:border-gray-300 x:px-4 x:py-2 x:dark:border-gray-600"}],["$","td",null,{"children":["No ",["$","code",null,{"className":"nextra-code","dir":"ltr","children":"X-API-Key"}]," header"],"className":"x:m-0 x:border x:border-gray-300 x:px-4 x:py-2 x:dark:border-gray-600"}]],"className":"x:m-0 x:border-t x:border-gray-300 x:p-0 x:dark:border-gray-600 x:even:bg-gray-100 x:even:dark:bg-gray-600/20"}],["$","tr",null,{"children":[["$","td",null,{"children":"401","className":"x:m-0 x:border x:border-gray-300 x:px-4 x:py-2 x:dark:border-gray-600"}],["$","td",null,{"children":["$","code",null,{"className":"nextra-code","dir":"ltr","children":"API_KEY_INVALID"}],"className":"x:m-0 x:border x:border-gray-300 x:px-4 x:py-2 x:dark:border-gray-600"}],["$","td",null,{"children":"Unknown, malformed, or revoked key","className":"x:m-0 x:border x:border-gray-300 x:px-4 x:py-2 x:dark:border-gray-600"}]],"className":"x:m-0 x:border-t x:border-gray-300 x:p-0 x:dark:border-gray-600 x:even:bg-gray-100 x:even:dark:bg-gray-600/20"}],["$","tr",null,{"children":[["$","td",null,{"children":"401","className":"x:m-0 x:border x:border-gray-300 x:px-4 x:py-2 x:dark:border-gray-600"}],["$","td",null,{"children":["$","code",null,{"className":"nextra-code","dir":"ltr","children":"API_KEY_EXPIRED"}],"className":"x:m-0 x:border x:border-gray-300 x:px-4 x:py-2 x:dark:border-gray-600"}],["$","td",null,{"children":["Key is past its ",["$","code",null,{"className":"nextra-code","dir":"ltr","children":"expiresAt"}]],"className":"x:m-0 x:border x:border-gray-300 x:px-4 x:py-2 x:dark:border-gray-600"}]],"className":"x:m-0 x:border-t x:border-gray-300 x:p-0 x:dark:border-gray-600 x:even:bg-gray-100 x:even:dark:bg-gray-600/20"}]]}]]}]
29:["$","h2",null,{"id":"key-management-apiorgsorgidapi-keys","className":"x:tracking-tight x:text-slate-900 x:dark:text-slate-100 x:font-semibold x:target:animate-[fade-in_1.5s] x:mt-10 x:border-b x:pb-1 x:text-3xl nextra-border","children":[["Key management (",["$","code",null,{"className":"nextra-code","dir":"ltr","children":"/api/orgs/:orgId/api-keys"}],")"],["$","$L2d",null,{"id":"key-management-apiorgsorgidapi-keys"}]]}]
2a:["$","table",null,{"className":"x:block x:overflow-x-auto nextra-scrollbar x:not-first:mt-[1.25em] x:p-0","children":[["$","thead",null,{"children":["$","tr",null,{"children":[["$","th",null,{"children":"Status","className":"x:m-0 x:border x:border-gray-300 x:px-4 x:py-2 x:font-semibold x:dark:border-gray-600"}],["$","th",null,{"children":"Code","className":"x:m-0 x:border x:border-gray-300 x:px-4 x:py-2 x:font-semibold x:dark:border-gray-600"}],["$","th",null,{"children":"Meaning","className":"x:m-0 x:border x:border-gray-300 x:px-4 x:py-2 x:font-semibold x:dark:border-gray-600"}]],"className":"x:m-0 x:border-t x:border-gray-300 x:p-0 x:dark:border-gray-600 x:even:bg-gray-100 x:even:dark:bg-gray-600/20"}]}],["$","tbody",null,{"children":[["$","tr",null,{"children":[["$","td",null,{"children":"400","className":"x:m-0 x:border x:border-gray-300 x:px-4 x:py-2 x:dark:border-gray-600"}],["$","td",null,{"children":["$","code",null,{"className":"nextra-code","dir":"ltr","children":"API_KEY_NAME_REQUIRED"}],"className":"x:m-0 x:border x:border-gray-300 x:px-4 x:py-2 x:dark:border-gray-600"}],["$","td",null,{"children":[["$","code",null,{"className":"nextra-code","dir":"ltr","children":"name"}]," missing or empty"],"className":"x:m-0 x:border x:border-gray-300 x:px-4 x:py-2 x:dark:border-gray-600"}]],"className":"x:m-0 x:border-t x:border-gray-300 x:p-0 x:dark:border-gray-600 x:even:bg-gray-100 x:even:dark:bg-gray-600/20"}],["$","tr",null,{"children":[["$","td",null,{"children":"400","className":"x:m-0 x:border x:border-gray-300 x:px-4 x:py-2 x:dark:border-gray-600"}],["$","td",null,{"children":["$","code",null,{"className":"nextra-code","dir":"ltr","children":"API_KEY_INVALID_CLAIMS"}],"className":"x:m-0 x:border x:border-gray-300 x:px-4 x:py-2 x:dark:border-gray-600"}],["$","td",null,{"children":[["$","code",null,{"className":"nextra-code","dir":"ltr","children":"claims.teams"}],"/",["$","code",null,{"className":"nextra-code","dir":"ltr","children":"claims.jobs"}]," not arrays of ID strings"],"className":"x:m-0 x:border x:border-gray-300 x:px-4 x:py-2 x:dark:border-gray-600"}]],"className":"x:m-0 x:border-t x:border-gray-300 x:p-0 x:dark:border-gray-600 x:even:bg-gray-100 x:even:dark:bg-gray-600/20"}],["$","tr",null,{"children":[["$","td",null,{"children":"400","className":"x:m-0 x:border x:border-gray-300 x:px-4 x:py-2 x:dark:border-gray-600"}],["$","td",null,{"children":["$","code",null,{"className":"nextra-code","dir":"ltr","children":"API_KEY_INVALID_EXPIRY"}],"className":"x:m-0 x:border x:border-gray-300 x:px-4 x:py-2 x:dark:border-gray-600"}],["$","td",null,{"children":[["$","code",null,{"className":"nextra-code","dir":"ltr","children":"expiresAt"}]," not a future ISO-8601 date"],"className":"x:m-0 x:border x:border-gray-300 x:px-4 x:py-2 x:dark:border-gray-600"}]],"className":"x:m-0 x:border-t x:border-gray-300 x:p-0 x:dark:border-gray-600 x:even:bg-gray-100 x:even:dark:bg-gray-600/20"}],["$","tr",null,{"children":[["$","td",null,{"children":"404","className":"x:m-0 x:border x:border-gray-300 x:px-4 x:py-2 x:dark:border-gray-600"}],["$","td",null,{"children":["$","code",null,{"className":"nextra-code","dir":"ltr","children":"API_KEY_NOT_FOUND"}],"className":"x:m-0 x:border x:border-gray-300 x:px-4 x:py-2 x:dark:border-gray-600"}],["$","td",null,{"children":"No such key in this workspace (or already revoked)","className":"x:m-0 x:border x:border-gray-300 x:px-4 x:py-2 x:dark:border-gray-600"}]],"className":"x:m-0 x:border-t x:border-gray-300 x:p-0 x:dark:border-gray-600 x:even:bg-gray-100 x:even:dark:bg-gray-600/20"}],["$","tr",null,{"children":[["$","td",null,{"children":"401/403","className":"x:m-0 x:border x:border-gray-300 x:px-4 x:py-2 x:dark:border-gray-600"}],["$","td",null,{"children":"(none)","className":"x:m-0 x:border x:border-gray-300 x:px-4 x:py-2 x:dark:border-gray-600"}],["$","td",null,{"children":"Caller is not signed in / not an owner or admin","className":"x:m-0 x:border x:border-gray-300 x:px-4 x:py-2 x:dark:border-gray-600"}]],"className":"x:m-0 x:border-t x:border-gray-300 x:p-0 x:dark:border-gray-600 x:even:bg-gray-100 x:even:dark:bg-gray-600/20"}]]}]]}]
2b:["$","h2",null,{"id":"handling-advice","className":"x:tracking-tight x:text-slate-900 x:dark:text-slate-100 x:font-semibold x:target:animate-[fade-in_1.5s] x:mt-10 x:border-b x:pb-1 x:text-3xl nextra-border","children":["Handling advice",["$","$L2d",null,{"id":"handling-advice"}]]}]
2c:["$","ul",null,{"className":"x:[:is(ol,ul)_&]:my-[.75em] x:not-first:mt-[1.25em] x:list-disc x:ms-[1.5em]","children":["\n",["$","li",null,{"className":"x:my-[.5em]","children":["Treat ",["$","code",null,{"className":"nextra-code","dir":"ltr","children":"404"}]," on a known-good ID as a scoping problem first: check the key’s\nclaims before assuming the resource is gone."]}],"\n",["$","li",null,{"className":"x:my-[.5em]","children":["On ",["$","code",null,{"className":"nextra-code","dir":"ltr","children":"429"}],", honor ",["$","code",null,{"className":"nextra-code","dir":"ltr","children":"Retry-After"}],"; the window is short (one minute)."]}],"\n",["$","li",null,{"className":"x:my-[.5em]","children":[["$","code",null,{"className":"nextra-code","dir":"ltr","children":"4xx"}]," other than ",["$","code",null,{"className":"nextra-code","dir":"ltr","children":"429"}]," will not succeed on retry without changing the\nrequest."]}],"\n"]}]
b:[["$","meta","0",{"charSet":"utf-8"}],["$","meta","1",{"name":"viewport","content":"width=device-width, initial-scale=1"}]]
7:null
2e:I[622,[],"IconMark"]
9:{"metadata":[["$","title","0",{"children":"Errors – Reordinal Docs"}],["$","meta","1",{"name":"description","content":"The Reordinal API error envelope and the full table of error codes on the v1 surface."}],["$","link","2",{"rel":"icon","href":"/icon.svg"}],["$","$L2e","3",{}]],"error":null,"digest":"$undefined"}
e:"$9:metadata"
